// Jest Snapshot v1, https://goo.gl/fbAQLP

exports[`Snapshot test for App.js renders correctly when initialized 1`] = `
<table
  className="table table-striped table-bordered table-hover"
>
  <thead>
    <tr>
      <th>
        ID
      </th>
      <th>
        Addon
      </th>
      <th>
        Status
      </th>
      <th>
        Version
      </th>
      <th>
        Author
      </th>
    </tr>
  </thead>
  <tbody />
</table>
`;

exports[`Snapshot test for App.js renders correctly when not initialized 1`] = `
<div
  className="custom-file center"
>
  <input
    className="custom-file-input"
    id="customFile"
    onChange={[Function]}
    type="file"
  />
  <label
    className="custom-file-label"
    htmlFor="customFile"
    overflow="false"
  >
    Choose Wow.exe or ClasicWoW.exe
  </label>
</div>
`;
